#-----------------------------------------------------------
# Vivado v2019.1 (64-bit)
# SW Build 2552052 on Fri May 24 14:49:42 MDT 2019
# IP Build 2548770 on Fri May 24 18:01:18 MDT 2019
# Start of session at: Thu Oct 10 18:18:17 2019
# Process ID: 2480
# Current directory: C:/Users/NBJSWETT/Desktop/COSAS PUC/VIII Semestre/Laboratorio de Sistemas Digitales/Lab_Digitales_2019-2/Exp_4/lab4.srcs
# Command line: vivado.exe -gui_launcher_event rodinguilauncherevent8916 C:\Users\NBJSWETT\Desktop\COSAS PUC\VIII Semestre\Laboratorio de Sistemas Digitales\Lab_Digitales_2019-2\Exp_4\lab4.srcs\lab5.xpr
# Log file: C:/Users/NBJSWETT/Desktop/COSAS PUC/VIII Semestre/Laboratorio de Sistemas Digitales/Lab_Digitales_2019-2/Exp_4/lab4.srcs/vivado.log
# Journal file: C:/Users/NBJSWETT/Desktop/COSAS PUC/VIII Semestre/Laboratorio de Sistemas Digitales/Lab_Digitales_2019-2/Exp_4/lab4.srcs\vivado.jou
#-----------------------------------------------------------
start_gui
open_project {C:/Users/NBJSWETT/Desktop/COSAS PUC/VIII Semestre/Laboratorio de Sistemas Digitales/Lab_Digitales_2019-2/Exp_4/lab4.srcs/lab5.xpr}
update_compile_order -fileset sources_1
close [ open {C:/Users/NBJSWETT/Desktop/COSAS PUC/VIII Semestre/Laboratorio de Sistemas Digitales/Lab_Digitales_2019-2/Exp_4/lab4.srcs/lab5.srcs/sources_1/new/Contador_monto_ingresado.v} w ]
add_files {{C:/Users/NBJSWETT/Desktop/COSAS PUC/VIII Semestre/Laboratorio de Sistemas Digitales/Lab_Digitales_2019-2/Exp_4/lab4.srcs/lab5.srcs/sources_1/new/Contador_monto_ingresado.v}}
update_compile_order -fileset sources_1
