#-----------------------------------------------------------
# Vivado v2019.1 (64-bit)
# SW Build 2552052 on Fri May 24 14:49:42 MDT 2019
# IP Build 2548770 on Fri May 24 18:01:18 MDT 2019
# Start of session at: Thu Sep 19 01:50:19 2019
# Process ID: 7972
# Current directory: C:/Users/NBJSWETT/Desktop/lab3.srcs
# Command line: vivado.exe -gui_launcher_event rodinguilauncherevent2392 C:\Users\NBJSWETT\Desktop\lab3.srcs\lab3.xpr
# Log file: C:/Users/NBJSWETT/Desktop/lab3.srcs/vivado.log
# Journal file: C:/Users/NBJSWETT/Desktop/lab3.srcs\vivado.jou
#-----------------------------------------------------------
start_gui
open_project C:/Users/NBJSWETT/Desktop/lab3.srcs/lab3.xpr
r
update_compile_order -fileset sources_1
file mkdir C:/Users/NBJSWETT/Desktop/lab3.srcs/lab3.srcs/sources_1/new
close [ open C:/Users/NBJSWETT/Desktop/lab3.srcs/lab3.srcs/sources_1/new/clk_divider.v w ]
add_files C:/Users/NBJSWETT/Desktop/lab3.srcs/lab3.srcs/sources_1/new/clk_divider.v
close [ open C:/Users/NBJSWETT/Desktop/lab3.srcs/lab3.srcs/sources_1/new/debouncer.v w ]
add_files C:/Users/NBJSWETT/Desktop/lab3.srcs/lab3.srcs/sources_1/new/debouncer.v
update_compile_order -fileset sources_1
update_compile_order -fileset sources_1
close [ open C:/Users/NBJSWETT/Desktop/lab3.srcs/lab3.srcs/sources_1/new/mux_luces.v w ]
add_files C:/Users/NBJSWETT/Desktop/lab3.srcs/lab3.srcs/sources_1/new/mux_luces.v
update_compile_order -fileset sources_1
close [ open C:/Users/NBJSWETT/Desktop/lab3.srcs/lab3.srcs/sources_1/new/clasficador_flujo.v w ]
add_files C:/Users/NBJSWETT/Desktop/lab3.srcs/lab3.srcs/sources_1/new/clasficador_flujo.v
update_compile_order -fileset sources_1
